com\clientes\CRUD\controller\HojaClinicaController.class
com\clientes\CRUD\CrudApplication.class
com\clientes\CRUD\repository\UserRepository.class
com\clientes\CRUD\entity\AsignacionCita.class
com\clientes\CRUD\entity\HojaClinica.class
com\clientes\CRUD\entity\Mascota.class
com\clientes\CRUD\entity\User.class
com\clientes\CRUD\repository\CitaRepository.class
com\clientes\CRUD\repository\AsignacionCitaRepository.class
com\clientes\CRUD\repository\MascotaRepository.class
com\clientes\CRUD\controller\ClienteController.class
com\clientes\CRUD\repository\HojaClinicaRepository.class
com\clientes\CRUD\controller\CitaController.class
com\clientes\CRUD\entity\Cliente.class
com\clientes\CRUD\entity\Cita.class
com\clientes\CRUD\config\CorsConfig.class
com\clientes\CRUD\controller\AsignacionCitaController.class
com\clientes\CRUD\controller\MascotaController.class
com\clientes\CRUD\exceptions\ResourceNotFoundException.class
com\clientes\CRUD\repository\ClienteRepository.class
com\clientes\CRUD\dto\CitaRequestDTO.class
com\clientes\CRUD\controller\LoginController.class
com\clientes\CRUD\service\CitaService.class
