C:\Users\Arlon\Documents\NetBeansProjects\CRUD\src\main\java\com\clientes\CRUD\config\CorsConfig.java
C:\Users\Arlon\Documents\NetBeansProjects\CRUD\src\main\java\com\clientes\CRUD\controller\AsignacionCitaController.java
C:\Users\Arlon\Documents\NetBeansProjects\CRUD\src\main\java\com\clientes\CRUD\controller\CitaController.java
C:\Users\Arlon\Documents\NetBeansProjects\CRUD\src\main\java\com\clientes\CRUD\controller\ClienteController.java
C:\Users\Arlon\Documents\NetBeansProjects\CRUD\src\main\java\com\clientes\CRUD\controller\HojaClinicaController.java
C:\Users\Arlon\Documents\NetBeansProjects\CRUD\src\main\java\com\clientes\CRUD\controller\LoginController.java
C:\Users\Arlon\Documents\NetBeansProjects\CRUD\src\main\java\com\clientes\CRUD\controller\MascotaController.java
C:\Users\Arlon\Documents\NetBeansProjects\CRUD\src\main\java\com\clientes\CRUD\CrudApplication.java
C:\Users\Arlon\Documents\NetBeansProjects\CRUD\src\main\java\com\clientes\CRUD\dto\CitaRequestDTO.java
C:\Users\Arlon\Documents\NetBeansProjects\CRUD\src\main\java\com\clientes\CRUD\entity\AsignacionCita.java
C:\Users\Arlon\Documents\NetBeansProjects\CRUD\src\main\java\com\clientes\CRUD\entity\Cita.java
C:\Users\Arlon\Documents\NetBeansProjects\CRUD\src\main\java\com\clientes\CRUD\entity\Cliente.java
C:\Users\Arlon\Documents\NetBeansProjects\CRUD\src\main\java\com\clientes\CRUD\entity\HojaClinica.java
C:\Users\Arlon\Documents\NetBeansProjects\CRUD\src\main\java\com\clientes\CRUD\entity\Mascota.java
C:\Users\Arlon\Documents\NetBeansProjects\CRUD\src\main\java\com\clientes\CRUD\entity\User.java
C:\Users\Arlon\Documents\NetBeansProjects\CRUD\src\main\java\com\clientes\CRUD\exceptions\ResourceNotFoundException.java
C:\Users\Arlon\Documents\NetBeansProjects\CRUD\src\main\java\com\clientes\CRUD\repository\AsignacionCitaRepository.java
C:\Users\Arlon\Documents\NetBeansProjects\CRUD\src\main\java\com\clientes\CRUD\repository\CitaRepository.java
C:\Users\Arlon\Documents\NetBeansProjects\CRUD\src\main\java\com\clientes\CRUD\repository\ClienteRepository.java
C:\Users\Arlon\Documents\NetBeansProjects\CRUD\src\main\java\com\clientes\CRUD\repository\HojaClinicaRepository.java
C:\Users\Arlon\Documents\NetBeansProjects\CRUD\src\main\java\com\clientes\CRUD\repository\MascotaRepository.java
C:\Users\Arlon\Documents\NetBeansProjects\CRUD\src\main\java\com\clientes\CRUD\repository\UserRepository.java
C:\Users\Arlon\Documents\NetBeansProjects\CRUD\src\main\java\com\clientes\CRUD\service\CitaService.java
